app/(auth)/office-location.tsx(52,10): error TS2741: Property 'citiesByRegion' is missing in type '{ selectedCity: OfficeCity | null; selectedRegion: string; onSelectCity: (region: string, city: OfficeCity) => void; disabled: boolean; errorMessage: string; }' but required in type 'OfficeLocationSelectorProps'.
hooks/admin/useAdminScreen.ts(34,69): error TS2304: Cannot find name 'useAudit'.
services/audit/auditService.ts(17,5): error TS2769: No overload matches this call.
  Overload 1 of 2, '(values: { action_type: "USER_APPROVED" | "USER_DENIED" | "USER_BANNED" | "MESSAGE_DELETED" | "CITY_CHANGE_APPROVED" | "CITY_CHANGE_DENIED" | "SIGN_UP_APPROVED" | "SIGN_UP_DENIED" | "CITY_CHANGED" | "LISTING_UPLOAD_REQUESTED" | "LISTING_UPLOAD_APPROVED" | "LISTING_UPLOAD_DENIED"; id?: number | undefined; target_id: string; timestamp?: string | undefined; user_id: string; }, options?: { ...; } | undefined): PostgrestFilterBuilder<...>', gave the following error.
    Type 'ActionType' is not assignable to type '"USER_APPROVED" | "USER_DENIED" | "USER_BANNED" | "MESSAGE_DELETED" | "CITY_CHANGE_APPROVED" | "CITY_CHANGE_DENIED" | "SIGN_UP_APPROVED" | "SIGN_UP_DENIED" | "CITY_CHANGED" | "LISTING_UPLOAD_REQUESTED" | "LISTING_UPLOAD_APPROVED" | "LISTING_UPLOAD_DENIED"'.
  Overload 2 of 2, '(values: { action_type: "USER_APPROVED" | "USER_DENIED" | "USER_BANNED" | "MESSAGE_DELETED" | "CITY_CHANGE_APPROVED" | "CITY_CHANGE_DENIED" | "SIGN_UP_APPROVED" | "SIGN_UP_DENIED" | "CITY_CHANGED" | "LISTING_UPLOAD_REQUESTED" | "LISTING_UPLOAD_APPROVED" | "LISTING_UPLOAD_DENIED"; id?: number | undefined; target_id: string; timestamp?: string | undefined; user_id: string; }[], options?: { ...; } | undefined): PostgrestFilterBuilder<...>', gave the following error.
    Object literal may only specify known properties, and 'action_type' does not exist in type '{ action_type: "USER_APPROVED" | "USER_DENIED" | "USER_BANNED" | "MESSAGE_DELETED" | "CITY_CHANGE_APPROVED" | "CITY_CHANGE_DENIED" | "SIGN_UP_APPROVED" | "SIGN_UP_DENIED" | "CITY_CHANGED" | "LISTING_UPLOAD_REQUESTED" | "LISTING_UPLOAD_APPROVED" | "LISTING_UPLOAD_DENIED"; id?: number | undefined; target_id: string; t...'.
services/audit/auditService.ts(49,9): error TS2322: Type '{ id: number; userId: string; targetId: string; actionType: ActionType; createdAt: string; }[]' is not assignable to type 'AuditLogEntry[]'.
  Type '{ id: number; userId: string; targetId: string; actionType: ActionType; createdAt: string; }' is not assignable to type 'AuditLogEntry'.
    Type '{ id: number; userId: string; targetId: string; actionType: ActionType; createdAt: string; }' is not assignable to type 'AuditLogRecord'.
      Types of property 'id' are incompatible.
        Type 'number' is not assignable to type 'string'.
services/chat/chatService.ts(134,17): error TS2769: No overload matches this call.
  Overload 1 of 2, '(values: { chat_name?: string | null | undefined; created_at?: string | undefined; id?: string | undefined; last_message?: string | null | undefined; last_message_at?: string | null | undefined; listing_id?: string | undefined; }, options?: { ...; } | undefined): PostgrestFilterBuilder<...>', gave the following error.
    Type 'number | null' is not assignable to type 'string | undefined'.
      Type 'null' is not assignable to type 'string | undefined'.
  Overload 2 of 2, '(values: { chat_name?: string | null | undefined; created_at?: string | undefined; id?: string | undefined; last_message?: string | null | undefined; last_message_at?: string | null | undefined; listing_id?: string | undefined; }[], options?: { ...; } | undefined): PostgrestFilterBuilder<...>', gave the following error.
    Object literal may only specify known properties, and 'listing_id' does not exist in type '{ chat_name?: string | null | undefined; created_at?: string | undefined; id?: string | undefined; last_message?: string | null | undefined; last_message_at?: string | null | undefined; listing_id?: string | undefined; }[]'.
services/chat/chatService.ts(202,35): error TS2345: Argument of type 'number | null' is not assignable to parameter of type 'string'.
  Type 'null' is not assignable to type 'string'.
services/listings/listingsService.ts(154,9): error TS2322: Type 'string' is not assignable to type 'number'.
services/locations/locationService.ts(55,7): error TS2322: Type 'string' is not assignable to type 'number'.
services/requests/requestService.ts(84,199): error TS2345: Argument of type 'number[]' is not assignable to parameter of type 'readonly string[]'.
  Type 'number' is not assignable to type 'string'.
services/requests/requestService.ts(86,72): error TS2339: Property 'id' does not exist on type 'SelectQueryError<"column 'property_type' does not exist on 'listings'.">'.
services/requests/requestService.ts(91,49): error TS2339: Property 'listing_locations' does not exist on type 'SelectQueryError<"column 'property_type' does not exist on 'listings'.">'.
services/requests/requestService.ts(91,72): error TS2339: Property 'listing_locations' does not exist on type 'SelectQueryError<"column 'property_type' does not exist on 'listings'.">'.
services/requests/requestService.ts(91,97): error TS2339: Property 'listing_locations' does not exist on type 'SelectQueryError<"column 'property_type' does not exist on 'listings'.">'.
services/requests/requestService.ts(92,40): error TS2339: Property 'title' does not exist on type 'SelectQueryError<"column 'property_type' does not exist on 'listings'.">'.
services/requests/requestService.ts(93,40): error TS2339: Property 'price' does not exist on type 'SelectQueryError<"column 'property_type' does not exist on 'listings'.">'.
services/requests/requestService.ts(94,45): error TS2339: Property 'rent_period' does not exist on type 'SelectQueryError<"column 'property_type' does not exist on 'listings'.">'.
services/requests/requestService.ts(95,47): error TS2339: Property 'property_type' does not exist on type 'SelectQueryError<"column 'property_type' does not exist on 'listings'.">'.
services/requests/requestService.ts(96,39): error TS2339: Property 'beds' does not exist on type 'SelectQueryError<"column 'property_type' does not exist on 'listings'.">'.
services/requests/requestService.ts(97,40): error TS2339: Property 'baths' does not exist on type 'SelectQueryError<"column 'property_type' does not exist on 'listings'.">'.
services/requests/requestService.ts(98,41): error TS2339: Property 'source' does not exist on type 'SelectQueryError<"column 'property_type' does not exist on 'listings'.">'.
services/requests/requestService.ts(99,41): error TS2339: Property 'photos' does not exist on type 'SelectQueryError<"column 'property_type' does not exist on 'listings'.">'.
services/requests/requestService.ts(164,23): error TS2345: Argument of type 'number' is not assignable to parameter of type 'string'.
services/user/userService.ts(222,30): error TS2339: Property 'first_name' does not exist on type '{ avatar_url: string | null; }'.
services/user/userService.ts(223,30): error TS2339: Property 'last_name' does not exist on type '{ avatar_url: string | null; }'.
services/user/userService.ts(260,17): error TS2769: No overload matches this call.
  Overload 1 of 2, '(values: { action_type: "USER_APPROVED" | "USER_DENIED" | "USER_BANNED" | "MESSAGE_DELETED" | "CITY_CHANGE_APPROVED" | "CITY_CHANGE_DENIED" | "SIGN_UP_APPROVED" | "SIGN_UP_DENIED" | "CITY_CHANGED" | "LISTING_UPLOAD_REQUESTED" | "LISTING_UPLOAD_APPROVED" | "LISTING_UPLOAD_DENIED"; id?: number | undefined; target_id: string; timestamp?: string | undefined; user_id: string; }, options?: { ...; } | undefined): PostgrestFilterBuilder<...>', gave the following error.
    Type 'ActionType.CITY_CHANGE_REQUESTED' is not assignable to type '"USER_APPROVED" | "USER_DENIED" | "USER_BANNED" | "MESSAGE_DELETED" | "CITY_CHANGE_APPROVED" | "CITY_CHANGE_DENIED" | "SIGN_UP_APPROVED" | "SIGN_UP_DENIED" | "CITY_CHANGED" | "LISTING_UPLOAD_REQUESTED" | "LISTING_UPLOAD_APPROVED" | "LISTING_UPLOAD_DENIED"'.
  Overload 2 of 2, '(values: { action_type: "USER_APPROVED" | "USER_DENIED" | "USER_BANNED" | "MESSAGE_DELETED" | "CITY_CHANGE_APPROVED" | "CITY_CHANGE_DENIED" | "SIGN_UP_APPROVED" | "SIGN_UP_DENIED" | "CITY_CHANGED" | "LISTING_UPLOAD_REQUESTED" | "LISTING_UPLOAD_APPROVED" | "LISTING_UPLOAD_DENIED"; id?: number | undefined; target_id: string; timestamp?: string | undefined; user_id: string; }[], options?: { ...; } | undefined): PostgrestFilterBuilder<...>', gave the following error.
    Object literal may only specify known properties, and 'action_type' does not exist in type '{ action_type: "USER_APPROVED" | "USER_DENIED" | "USER_BANNED" | "MESSAGE_DELETED" | "CITY_CHANGE_APPROVED" | "CITY_CHANGE_DENIED" | "SIGN_UP_APPROVED" | "SIGN_UP_DENIED" | "CITY_CHANGED" | "LISTING_UPLOAD_REQUESTED" | "LISTING_UPLOAD_APPROVED" | "LISTING_UPLOAD_DENIED"; id?: number | undefined; target_id: string; t...'.
