app/(tabs)/profile.tsx(88,11): error TS2322: Type '{ visible: boolean; user: UserRecord | null; isUploadingProfilePicture: false; onClose: () => void; onChangeProfilePicture: () => Promise<{ success: boolean; error?: undefined; } | { success: boolean; error: any; }>; onRemoveProfilePicture: () => Promise<...>; }' is not assignable to type 'IntrinsicAttributes & ProfileModalProps'.
  Property 'visible' does not exist on type 'IntrinsicAttributes & ProfileModalProps'.
components/auth/CityModal.tsx(64,61): error TS18048: 'city.countryCode' is possibly 'undefined'.
components/ui/OfficeLocationSelector.tsx(33,31): error TS18048: 'selectedCity.countryCode' is possibly 'undefined'.
hooks/chat/useChatMetadata.ts(26,27): error TS2551: Property 'listing_id' does not exist on type 'ChatMetadata'. Did you mean 'listingId'?
hooks/chat/useChatMetadata.ts(27,26): error TS2551: Property 'display_name' does not exist on type 'ChatMetadata'. Did you mean 'displayName'?
hooks/chat/useChatMetadata.ts(28,35): error TS2551: Property 'participants' does not exist on type 'ChatMetadata'. Did you mean 'participantIds'?
